{
'project:angular-1.0.3.js':[
14358,
],
'project:dojo-1.8.1/dojo/dojo.js.uncompressed.js':[
14702,
],
'project:dojo-1.8.1/dojo/selector/_loader.js.uncompressed.js':[
39,
],
'project:dojo-1.8.1/dojox/dtl/_Templated.js.uncompressed.js':[
131,
],
'project:dojo-1.8.1/dojox/mvc/sync.js.uncompressed.js':[
69,
69,
70,
70,
],
'project:ecmascript6/Ghost/core/client/app/mixins/editor-base-controller.js':[
236,
],
'project:ecmascript6/Ghost/core/server/helpers/template.js':[
23,
],
'project:ecmascript6/di.js/visualize/lib/angular.js':[
20348,
],
'project:ecmascript6/di.js/visualize/lib/d3.v3.js':[
9200,
],
'project:ecmascript6/templating/src/util/ng_polymer.js':[
29,
],
'project:google-closure-library/fx/draglistgroup.js':[
1012,
1039,
1041,
],
'project:jquery-1.7.2.js':[
7961,
7961,
],
'project:jshint-2012.06.15.js':[
4451,
],
'project:jstorage-0.3.0.js':[
39,
],
'project:mootools-core-1.4.5-full-nocompat.js':[
297,
311,
318,
326,
335,
346,
351,
360,
361,
369,
406,
481,
521,
551,
722,
768,
779,
827,
897,
903,
907,
913,
999,
1016,
1043,
1065,
1073,
1329,
1385,
2790,
2801,
2833,
2967,
3035,
3044,
3054,
3139,
3297,
3322,
3337,
3425,
3522,
3725,
3820,
3904,
3935,
4150,
4199,
4752,
4771,
4776,
4790,
4793,
4819,
4823,
4829,
4832,
4919,
5114,
5254,
5317,
5341,
5346,
5371,
5371,
5374,
5389,
5549,
5606,
5659,
5737,
5909,
5919,
5932,
],
'project:prototype-1.7.js':[
97,
104,
137,
282,
387,
540,
549,
550,
560,
571,
586,
636,
789,
812,
894,
895,
905,
919,
1007,
1076,
1117,
1181,
1191,
1196,
1228,
1228,
1257,
1289,
1290,
1298,
1358,
1455,
1481,
1485,
1501,
1503,
1571,
1628,
1674,
1680,
1747,
1751,
1765,
1824,
1901,
2015,
2018,
2036,
2061,
2062,
2075,
2075,
2076,
2087,
2092,
2110,
2112,
2127,
2188,
2197,
2204,
2210,
2211,
2222,
2223,
2228,
2274,
2385,
2394,
2452,
2690,
2733,
2774,
2779,
2853,
2905,
2931,
2935,
2938,
2948,
2949,
2971,
2972,
2973,
2974,
2975,
2976,
2977,
2978,
2987,
2989,
2997,
3004,
3048,
3053,
3141,
3188,
3247,
3426,
3603,
3609,
3617,
3639,
3643,
4972,
4979,
5073,
5076,
5080,
5081,
5115,
5187,
5193,
5198,
5201,
5259,
5259,
5435,
5528,
5535,
5536,
5546,
5552,
5558,
5568,
5715,
5768,
5768,
5775,
5777,
5794,
5806,
5978,
6052,
],
'project:scriptaculous-1.9.0/controls.js':[
420,
488,
627,
631,
632,
639,
640,
671,
672,
694,
695,
697,
778,
779,
803,
816,
817,
],
'project:scriptaculous-1.9.0/dragdrop.js':[
20,
30,
237,
255,
256,
264,
268,
302,
423,
477,
480,
482,
485,
626,
719,
871,
901,
910,
930,
],
'project:scriptaculous-1.9.0/effects.js':[
129,
135,
142,
154,
175,
221,
233,
233,
269,
283,
292,
303,
329,
332,
333,
335,
344,
356,
371,
398,
405,
479,
504,
530,
543,
570,
584,
597,
615,
643,
656,
686,
714,
753,
812,
827,
869,
889,
889,
902,
919,
923,
949,
992,
994,
996,
1028,
1092,
],
'project:scriptaculous-1.9.0/scriptaculous.js':[
44,
],
'project:scriptaculous-1.9.0/slider.js':[
20,
78,
],
'project:scriptaculous-1.9.0/sound.js':[
23,
],
'project:scriptaculous-1.9.0/unittest.js':[
12,
48,
141,
435,
458,
473,
540,
],
}
