{
'project:dojo-1.8.1/dojo/_base/declare.js.uncompressed.js':[
43,
],
'project:dojo-1.8.1/dojo/dojo.js.uncompressed.js':[
6952,
],
'project:dojo-1.8.1/dojo/number.js.uncompressed.js':[
236,
],
'project:dojo-1.8.1/dojox/app/widgets/scrollable.js.uncompressed.js':[
390,
536,
],
'project:dojo-1.8.1/dojox/charting/action2d/_IndicatorElement.js.uncompressed.js':[
322,
322,
],
'project:dojo-1.8.1/dojox/charting/plot2d/Candlesticks.js.uncompressed.js':[
177,
],
'project:dojo-1.8.1/dojox/color/_base.js.uncompressed.js':[
124,
124,
124,
],
'project:dojo-1.8.1/dojox/data/ServiceStore.js.uncompressed.js':[
294,
],
'project:dojo-1.8.1/dojox/dgauges/RectangularScale.js.uncompressed.js':[
146,
153,
],
'project:dojo-1.8.1/dojox/grid/TreeSelection.js.uncompressed.js':[
101,
],
'project:dojo-1.8.1/dojox/grid/enhanced/plugins/DnD.js.uncompressed.js':[
714,
857,
],
'project:dojo-1.8.1/dojox/json/schema.js.uncompressed.js':[
84,
],
'project:dojo-1.8.1/dojox/mobile/IconMenu.js.uncompressed.js':[
98,
99,
],
'project:dojo-1.8.1/dojox/mobile/SpinWheelSlot.js.uncompressed.js':[
168,
],
'project:dojo-1.8.1/dojox/mobile/scrollable.js.uncompressed.js':[
460,
612,
],
'project:dojo-1.8.1/dojox/string/BidiComplex.js.uncompressed.js':[
90,
111,
],
'project:ecmascript6/Ghost/core/server/helpers/tags.js':[
43,
],
'project:ocanvas-2.2.2.js':[
2693,
2693,
],
'project:open-layers-2.12/OpenLayers/Control/Graticule.js':[
252,
],
'project:open-layers-2.12/OpenLayers/Geometry.js':[
391,
392,
],
'project:open-layers-2.12/OpenLayers/Util.js':[
781,
784,
784,
784,
786,
840,
840,
846,
],
'project:paper-0.22.js':[
3582,
3629,
3629,
],
'project:processing-1.3.6.js':[
2808,
2808,
2976,
2976,
2976,
2980,
3291,
],
'project:sizzle-1.8.2.js':[
652,
],
'project:yui-3.7.3/charts-base/charts-base.js':[
1842,
],
'project:yui-3.7.3/graphics-canvas/graphics-canvas.js':[
3474,
3475,
],
'project:yui-3.7.3/widget-position-constrain/widget-position-constrain.js':[
255,
],
}
