{
'project:yui-3.7.3/datatable-sort/datatable-sort.js':[
575,
],
}
