{
'project:dojo-1.8.1/dojo/data/util/sorter.js.uncompressed.js':[
32,
32,
],
'project:dojo-1.8.1/dojo/number.js.uncompressed.js':[
237,
238,
],
'project:dojo-1.8.1/dojox/app/widgets/scrollable.js.uncompressed.js':[
390,
],
'project:dojo-1.8.1/dojox/flash/_base.js.uncompressed.js':[
651,
],
'project:dojo-1.8.1/dojox/gfx/vml_attach.js.uncompressed.js':[
376,
],
'project:dojo-1.8.1/dojox/grid/TreeSelection.js.uncompressed.js':[
101,
],
'project:dojo-1.8.1/dojox/math/curves.js.uncompressed.js':[
34,
],
'project:dojo-1.8.1/dojox/mobile/scrollable.js.uncompressed.js':[
460,
],
'project:dojo-1.8.1/dojox/string/BidiComplex.js.uncompressed.js':[
137,
],
'project:dojo-1.8.1/dojox/validate/check.js.uncompressed.js':[
200,
210,
],
'project:ecmascript6/di.js/visualize/lib/angular.js':[
260,
],
'project:ecmascript6/di.js/visualize/lib/d3.v3.js':[
45,
48,
56,
59,
68,
69,
74,
75,
5068,
5822,
6684,
],
'project:google-closure-library/fx/draglistgroup.js':[
1051,
],
'project:ocanvas-2.2.2.js':[
3028,
],
'project:open-layers-2.12/OpenLayers/Rule.js':[
158,
162,
],
'project:processing-1.3.6.js':[
3291,
],
'project:yui-3.7.3/charts-base/charts-base.js':[
13791,
],
'project:yui-3.7.3/widget-position-constrain/widget-position-constrain.js':[
253,
254,
254,
254,
254,
258,
258,
258,
258,
],
}
