{
'project:angular-1.0.3.js':[
670,
],
'project:backbone-0.9.2.js':[
506,
],
'project:dojo-1.8.1/dijit/form/_CheckBoxMixin.js.uncompressed.js':[
50,
],
'project:dojo-1.8.1/dijit/form/_FormSelectWidget.js.uncompressed.js':[
484,
],
'project:dojo-1.8.1/dojo/NodeList-manipulate.js.uncompressed.js':[
200,
],
'project:dojo-1.8.1/dojo/_base/lang.js.uncompressed.js':[
467,
],
'project:dojo-1.8.1/dojo/_base/loader.js.uncompressed.js':[
339,
392,
],
'project:dojo-1.8.1/dojo/date/locale.js.uncompressed.js':[
33,
],
'project:dojo-1.8.1/dojo/dojo.js.uncompressed.js':[
1020,
6304,
6357,
12554,
],
'project:dojo-1.8.1/dojox/calc/Grapher.js.uncompressed.js':[
389,
550,
],
'project:dojo-1.8.1/dojox/charting/plot2d/CartesianBase.js.uncompressed.js':[
46,
72,
],
'project:dojo-1.8.1/dojox/data/ClientFilter.js.uncompressed.js':[
112,
],
'project:dojo-1.8.1/dojox/drawing/defaults.js.uncompressed.js':[
255,
],
'project:dojo-1.8.1/dojox/dtl.js.uncompressed.js':[
202,
407,
],
'project:dojo-1.8.1/dojox/dtl/_base.js.uncompressed.js':[
200,
405,
],
'project:dojo-1.8.1/dojox/dtl/filter/dates.js.uncompressed.js':[
11,
],
'project:dojo-1.8.1/dojox/editor/plugins/NormalizeIndentOutdent.js.uncompressed.js':[
733,
],
'project:dojo-1.8.1/dojox/encoding/crypto/Blowfish.js.uncompressed.js':[
332,
],
'project:dojo-1.8.1/dojox/flash/_base.js.uncompressed.js':[
323,
],
'project:dojo-1.8.1/dojox/form/ListInput.js.uncompressed.js':[
493,
],
'project:dojo-1.8.1/dojox/form/manager/_Mixin.js.uncompressed.js':[
275,
],
'project:dojo-1.8.1/dojox/form/manager/_NodeMixin.js.uncompressed.js':[
216,
],
'project:dojo-1.8.1/dojox/gantt/contextMenuTab.js.uncompressed.js':[
50,
],
'project:dojo-1.8.1/dojox/geo/openlayers/_base.js.uncompressed.js':[
46,
],
'project:dojo-1.8.1/dojox/grid/_Layout.js.uncompressed.js':[
109,
],
'project:dojo-1.8.1/dojox/grid/enhanced/_FocusManager.js.uncompressed.js':[
659,
],
'project:dojo-1.8.1/dojox/grid/enhanced/plugins/filter/FilterDefDialog.js.uncompressed.js':[
428,
],
'project:dojo-1.8.1/dojox/help/_base.js.uncompressed.js':[
166,
307,
],
'project:dojo-1.8.1/dojox/lang/observable.js.uncompressed.js':[
177,
],
'project:dojo-1.8.1/dojox/lang/utils.js.uncompressed.js':[
20,
],
'project:dojo-1.8.1/dojox/secure/DOM.js.uncompressed.js':[
19,
],
'project:dojo-1.8.1/dojox/secure/fromJson.js.uncompressed.js':[
106,
],
'project:dojo-1.8.1/dojox/sql/_base.js.uncompressed.js':[
499,
],
'project:dojo-1.8.1/dojox/validate/creditCard.js.uncompressed.js':[
64,
90,
],
'project:dojo-1.8.1/dojox/wire/CompositeWire.js.uncompressed.js':[
34,
],
'project:dojo-1.8.1/dojox/wire/TableAdapter.js.uncompressed.js':[
72,
],
'project:dojo-1.8.1/dojox/wire/Wire.js.uncompressed.js':[
84,
],
'project:dojo-1.8.1/dojox/wire/ml/Data.js.uncompressed.js':[
98,
],
'project:dojo-1.8.1/dojox/wire/ml/util.js.uncompressed.js':[
227,
],
'project:ecmascript6/Ghost/core/client/app/components/gh-trim-focus-input.js':[
11,
],
'project:ecmascript6/Ghost/core/client/app/components/modals/upload-image.js':[
54,
],
'project:ecmascript6/Ghost/core/client/app/controllers/setup/three.js':[
57,
],
'project:ecmascript6/Ghost/core/client/app/services/ajax.js':[
9,
],
'project:ecmascript6/Ghost/core/client/app/utils/ed-image-manager.js':[
29,
],
'project:ecmascript6/Ghost/core/server/config/index.js':[
46,
],
'project:ecmascript6/Ghost/core/server/permissions/effective.js':[
39,
],
'project:ecmascript6/di.js/example/angular-loader/traceur.js':[
1110,
2687,
],
'project:ecmascript6/di.js/visualize/lib/angular.js':[
803,
965,
12328,
14584,
],
'project:ecmascript6/di.js/visualize/lib/d3.v3.js':[
2981,
4195,
4918,
8002,
8010,
8049,
],
'project:ecmascript6/http/test/TestUtils.js':[
2,
],
'project:ecmascript6/snoode/src/models/base.es6.js':[
47,
],
'project:frameworks/wordpress/press-this.js':[
20,
],
'project:frameworks/wordpress/theme.js':[
1497,
],
'project:google-closure-library/base.js':[
962,
],
'project:google-closure-library/cssom/cssom.js':[
395,
],
'project:google-closure-library/object/object.js':[
450,
],
'project:google-closure-library/proto2/serializer.js':[
111,
],
'project:google-closure-library/structs/structs.js':[
203,
252,
],
'project:google-closure-library/style/style.js':[
1021,
],
'project:jquery-1.7.2.js':[
4139,
4460,
4793,
],
'project:jshint-2012.06.15.js':[
890,
],
'project:knockout-2.1.0.debug.js':[
1291,
],
'project:mootools-core-1.4.5-full-nocompat.js':[
572,
2211,
4846,
],
'project:ocanvas-2.2.2.js':[
2487,
3080,
3169,
4578,
],
'project:open-layers-2.12/OpenLayers/Format/OSM.js':[
243,
],
'project:open-layers-2.12/OpenLayers/Geometry/LinearRing.js':[
291,
],
'project:open-layers-2.12/OpenLayers/Geometry/Point.js':[
100,
],
'project:open-layers-2.12/OpenLayers/Geometry/Polygon.js':[
101,
],
'project:open-layers-2.12/OpenLayers/Renderer/Elements.js':[
722,
],
'project:open-layers-2.12/OpenLayers/Renderer/SVG.js':[
848,
],
'project:paper-0.22.js':[
7647,
],
'project:processing-1.3.6.js':[
4258,
4289,
],
'project:prototype-1.7.js':[
2539,
4124,
4350,
4582,
5549,
],
'project:yui-3.7.3/datatable-scroll/datatable-scroll.js':[
749,
],
'project:yui-3.7.3/dom-screen/dom-screen.js':[
489,
],
'project:yui-3.7.3/dom-style/dom-style.js':[
193,
],
'project:yui-3.7.3/event-synthetic/event-synthetic.js':[
627,
],
'project:yui-3.7.3/handlebars-compiler/handlebars-compiler.js':[
437,
],
'project:yui-3.7.3/io-base/io-base.js':[
770,
],
'project:yui-3.7.3/matrix/matrix.js':[
318,
],
'project:yui-3.7.3/oop/oop.js':[
279,
],
'project:yui-3.7.3/selector-css2/selector-css2.js':[
292,
],
}
